// Jest Snapshot v1, https://goo.gl/fbAQLP

exports[`ast 2`] = `
"function _defineProperty(obj, key, value) {
    if (key in obj) {
        Object.defineProperty(obj, key, {
            value: value,
            enumerable: true,
            configurable: true,
            writable: true
        });
    } else {
        obj[key] = value;
    }
    return obj;
}
export function foo() {
    var _obj;
    props.intl.formatMessage((_obj = {
        id: \\"HELLO..12.string\\",
        defaultMessage: [
            {
                type: 0,
                value: \\"props \\"
            },
            {
                type: 1,
                value: \\"intl\\"
            }, 
        ]
    }, _defineProperty(_obj, \\"defaultMessage\\", \\"props {intl}\\"), _defineProperty(_obj, \\"description\\", \\"bar\\"), _obj), {
        bar: \\"bar\\"
    });
    var _obj1;
    this.props.intl.formatMessage((_obj1 = {
        id: \\"HELLO..17.string\\",
        defaultMessage: [
            {
                type: 0,
                value: \\"this props \\"
            },
            {
                type: 1,
                value: \\"intl\\"
            }, 
        ]
    }, _defineProperty(_obj1, \\"defaultMessage\\", \\"this props {intl}\\"), _defineProperty(_obj1, \\"description\\", \\"bar\\"), _obj1), {
        bar: \\"bar\\"
    });
    var _obj2;
    return intl.formatMessage((_obj2 = {
        id: \\"HELLO..9.string\\",
        defaultMessage: [
            {
                type: 0,
                value: \\"foo \\"
            },
            {
                type: 1,
                value: \\"bar\\"
            }, 
        ]
    }, _defineProperty(_obj2, \\"defaultMessage\\", \\"foo {bar}\\"), _defineProperty(_obj2, \\"description\\", \\"bar\\"), _obj2), {
        bar: \\"bar\\"
    });
}
"
`;
