// Jest Snapshot v1, https://goo.gl/fbAQLP

exports[`resourcePath 2`] = `
"function _defineProperty(obj, key, value) {
    if (key in obj) {
        Object.defineProperty(obj, key, {
            value: value,
            enumerable: true,
            configurable: true,
            writable: true
        });
    } else {
        obj[key] = value;
    }
    return obj;
}
var _obj, _obj1, _obj2;
export function foo() {
    props.intl.formatMessage((_obj = {
        id: \\"resourcePath-hYpBl\\",
        defaultMessage: \\"props {intl}\\"
    }, _defineProperty(_obj, \\"defaultMessage\\", 'props {intl}'), _defineProperty(_obj, \\"description\\", 'bar'), _obj), {
        bar: 'bar'
    });
    this.props.intl.formatMessage((_obj1 = {
        id: \\"resourcePath-tBZlS\\",
        defaultMessage: \\"this props {intl}\\"
    }, _defineProperty(_obj1, \\"defaultMessage\\", 'this props {intl}'), _defineProperty(_obj1, \\"description\\", 'bar'), _obj1), {
        bar: 'bar'
    });
    return intl.formatMessage((_obj2 = {
        id: \\"resourcePath-ALfyd\\",
        defaultMessage: \\"foo {bar}\\"
    }, _defineProperty(_obj2, \\"defaultMessage\\", 'foo {bar}'), _defineProperty(_obj2, \\"description\\", 'bar'), _obj2), {
        bar: 'bar'
    });
}
"
`;
